// Jest Snapshot v1, https://goo.gl/fbAQLP

exports[`should render the InputField component 1`] = `
<div>
  <div
    class="input-field"
  >
    <div
      class="picker"
    >
      <label
        for="Head"
      >
        Head
        <select
          name="Head"
        >
          <option
            value="Duck"
          >
            Duck
          </option>
          <option
            value="Dog"
          >
            Dog
          </option>
          <option
            value="Bird"
          >
            Bird
          </option>
          <option
            value="Horse"
          >
            Horse
          </option>
        </select>
      </label>
      <label
        for="Middle"
      >
        Middle
        <select
          name="Middle"
        >
          <option
            value="Fancy"
          >
            Fancy
          </option>
          <option
            value="Pink"
          >
            Pink
          </option>
          <option
            value="Red"
          >
            Red
          </option>
          <option
            value="Blue"
          >
            Blue
          </option>
        </select>
      </label>
      <label
        for="Bottom"
      >
        Bottom
        <select
          name="Bottom"
        >
          <option
            value="White"
          >
            White
          </option>
          <option
            value="Blue"
          >
            Blue
          </option>
          <option
            value="Leg"
          >
            Leg
          </option>
        </select>
      </label>
    </div>
    <div>
      <label
        for="catchphrases-input"
      >
        Add a catch phrase
      </label>
      <input
        id="catchphrases-input"
        name="catchphrases-input"
        type="text"
        value=""
      />
      <button
        type="submit"
      >
        Add
      </button>
    </div>
  </div>
</div>
`;
